// Jest Snapshot v1, https://goo.gl/fbAQLP

exports[`Git getBranchNameForIssue should generate a branch name for an issue 1`] = `"http://trudie.name fotingo-3908"`;

exports[`Git getRemote should fall back to the first remote if it cannot find the specified one 1`] = `
Object {
  "commit": undefined,
  "filepath": "",
  "filepathtype": "",
  "full_name": "tagoro9/fotingo",
  "git_suffix": true,
  "hash": "",
  "href": "git@github.com:tagoro9/fotingo.git",
  "name": "fotingo",
  "organization": "tagoro9",
  "owner": "tagoro9",
  "pathname": "/tagoro9/fotingo.git",
  "port": null,
  "protocol": "ssh",
  "protocols": Array [],
  "query": Object {},
  "ref": "",
  "resource": "github.com",
  "search": "",
  "source": "github.com",
  "toString": [Function],
  "token": "",
  "user": "git",
}
`;

exports[`Git getRemote should return the parsed remote 1`] = `
Object {
  "commit": undefined,
  "filepath": "",
  "filepathtype": "",
  "full_name": "tagoro9/fotingo",
  "git_suffix": true,
  "hash": "",
  "href": "git@github.com:tagoro9/fotingo.git",
  "name": "fotingo",
  "organization": "tagoro9",
  "owner": "tagoro9",
  "pathname": "/tagoro9/fotingo.git",
  "port": null,
  "protocol": "ssh",
  "protocols": Array [],
  "query": Object {},
  "ref": "",
  "resource": "github.com",
  "search": "",
  "source": "github.com",
  "toString": [Function],
  "token": "",
  "user": "git",
}
`;
